directive line=1 2026-01-01 price
  currency USD
  amount 1 EUR
directive line=2 2026-01-01 price
  currency VTSAX
  amount 1 USD
directive line=3 2026-01-01 price
  currency X
  amount 1 USD
directive line=4 2026-01-01 price
  currency A-B
  amount 1 USD
directive line=5 2026-01-01 price
  currency A_B
  amount 1 USD
directive line=6 2026-01-01 price
  currency A.B
  amount 1 USD
directive line=7 2026-01-01 price
  currency A1
  amount 1 USD
directive line=8 2026-01-01 price
  currency CAD3
  amount 1 USD
