directive line=1 2026-01-01 price
  currency AAA
  amount 5 USD
directive line=2 2026-01-01 price
  currency AAB
  amount 6 USD
directive line=3 2026-01-01 price
  currency AAC
  amount 12 USD
directive line=4 2026-01-01 price
  currency AAD
  amount 2.50 USD
directive line=5 2026-01-01 price
  currency AAE
  amount 14 USD
directive line=6 2026-01-01 price
  currency AAF
  amount 20 USD
directive line=7 2026-01-01 price
  currency AAG
  amount 5 USD
directive line=8 2026-01-01 price
  currency AAH
  amount 10 USD
directive line=9 2026-01-01 price
  currency AAI
  amount -5 USD
directive line=10 2026-01-01 price
  currency AAJ
  amount 5 USD
directive line=11 2026-01-01 price
  currency AAK
  amount 1 USD
directive line=12 2026-01-01 price
  currency AAL
  amount 5 USD
directive line=13 2026-01-01 price
  currency AAM
  amount 4 USD
