directive line=1 2026-01-15 txn
  flag *
  narration "unit and total prices"
  posting
    account Assets:Investments:Broker
    amount 10 VTSAX
    price unit 400.00 USD
  posting
    account Assets:Investments:Broker
    amount 10 VTSAX
    price total 4000.00 USD
  posting
    account Assets:Investments:Broker
    amount 10 VTSAX
    cost unit amount=400.00 USD
    price unit 410.00 USD
  posting
    account Assets:Bank:Checking
    amount -4000.00 USD
